[educationlsp] 2024/11/17 17:15:18 Starting
[educationlsp] 2024/11/17 17:15:18 method initialize
[educationlsp] 2024/11/17 17:15:18 content {"id":1,"jsonrpc":"2.0","method":"initialize","params":{"capabilities":{"textDocument":{"semanticTokens":{"tokenTypes":["namespace","type","class","enum","interface","struct","typeParameter","parameter","variable","property","enumMember","event","function","method","macro","keyword","modifier","comment","string","number","regexp","operator","decorator"],"augmentsSyntaxTokens":true,"serverCancelSupport":false,"multilineTokenSupport":false,"dynamicRegistration":false,"formats":["relative"],"tokenModifiers":["declaration","definition","readonly","static","deprecated","abstract","async","modification","documentation","defaultLibrary"],"requests":{"full":{"delta":true},"range":false},"overlappingTokenSupport":true},"inlayHint":{"resolveSupport":{"properties":["textEdits","tooltip","location","command"]},"dynamicRegistration":true},"implementation":{"linkSupport":true},"publishDiagnostics":{"dataSupport":true,"tagSupport":{"valueSet":[1,2]},"relatedInformation":true},"declaration":{"linkSupport":true},"rangeFormatting":{"dynamicRegistration":true},"formatting":{"dynamicRegistration":true},"codeAction":{"dynamicRegistration":true,"dataSupport":true,"resolveSupport":{"properties":["edit"]},"codeActionLiteralSupport":{"codeActionKind":{"valueSet":["","quickfix","refactor","refactor.extract","refactor.inline","refactor.rewrite","source","source.organizeImports"]}},"isPreferredSupport":true},"documentHighlight":{"dynamicRegistration":false},"references":{"dynamicRegistration":false},"signatureHelp":{"signatureInformation":{"activeParameterSupport":true,"parameterInformation":{"labelOffsetSupport":true},"documentationFormat":["markdown","plaintext"]},"dynamicRegistration":false},"synchronization":{"willSaveWaitUntil":true,"dynamicRegistration":false,"willSave":true,"didSave":true},"callHierarchy":{"dynamicRegistration":false},"rename":{"prepareSupport":true,"dynamicRegistration":true},"diagnostic":{"dynamicRegistration":false},"hover":{"contentFormat":["markdown","plaintext"],"dynamicRegistration":true},"completion":{"dynamicRegistration":false,"completionItemKind":{"valueSet":[1,2,3,4,5,6,7,8,9,10,11,12,13,14,15,16,17,18,19,20,21,22,23,24,25]},"contextSupport":false,"completionList":{"itemDefaults":["editRange","insertTextFormat","insertTextMode","data"]},"completionItem":{"deprecatedSupport":false,"preselectSupport":false,"commitCharactersSupport":false,"snippetSupport":false,"documentationFormat":["markdown","plaintext"]}},"documentSymbol":{"hierarchicalDocumentSymbolSupport":true,"dynamicRegistration":false,"symbolKind":{"valueSet":[1,2,3,4,5,6,7,8,9,10,11,12,13,14,15,16,17,18,19,20,21,22,23,24,25,26]}},"typeDefinition":{"linkSupport":true},"definition":{"linkSupport":true,"dynamicRegistration":true}},"general":{"positionEncodings":["utf-16"]},"workspace":{"semanticTokens":{"refreshSupport":true},"inlayHint":{"refreshSupport":true},"applyEdit":true,"workspaceFolders":true,"configuration":true,"didChangeWatchedFiles":{"relativePatternSupport":true,"dynamicRegistration":true},"workspaceEdit":{"resourceOperations":["rename","create","delete"]},"symbol":{"symbolKind":{"valueSet":[1,2,3,4,5,6,7,8,9,10,11,12,13,14,15,16,17,18,19,20,21,22,23,24,25,26]},"dynamicRegistration":false},"didChangeConfiguration":{"dynamicRegistration":false}},"window":{"showDocument":{"support":true},"workDoneProgress":true,"showMessage":{"messageActionItem":{"additionalPropertiesSupport":false}}}},"workspaceFolders":null,"rootUri":null,"rootPath":null,"clientInfo":{"version":"0.10.1","name":"Neovim"},"processId":93920,"workDoneToken":"1","trace":"off"}}
